---
source: crates/types/tests/builder_test.rs
expression: "& input"
---
{
  "ty": {
    "type": "Float",
    "kind": "F32"
  }
}
