---
source: crates/types/tests/builder_test.rs
expression: "& input"
---
{
  "ty": {
    "type": "String",
    "max_length": 1,
    "min_length": 1
  }
}
