---
source: crates/config/tests/code_sources_test.rs
expression: "std::fs::read_to_string(file).unwrap()"
---
// Automatically generated by schematic. DO NOT MODIFY!

/* eslint-disable */

export interface Config {
	boolean: boolean;
	string: string;
	number: number;
	vector: string[];
}

export interface PartialConfig {
	boolean?: boolean | null;
	string?: string | null;
	number?: number | null;
	vector?: string[] | null;
}
