---
source: crates/config/tests/generator_test.rs
expression: "generate(TypeScriptOptions::default())"
---
// Automatically generated by schematic. DO NOT MODIFY!

/* eslint-disable */

export type BasicEnum = 'foo' | 'bar' | 'baz';

export interface AnotherConfig {
	enums: BasicEnum | null;
	opt: string | null;
}

export interface GenConfig {
	boolean: boolean;
	enums: BasicEnum;
	map: Record<string, number>;
	nested: AnotherConfig;
	number: number;
	string: string;
	vector: string[];
}

