---
source: crates/config/tests/generator_test.rs
expression: "generate(TypeScriptOptions {\n        external_types: HashMap::from_iter([(\"./externals\".into(),\n                        HashSet::from_iter([\"BasicEnum\".into(),\n                                    \"AnotherType\".into()]))]),\n        ..TypeScriptOptions::default()\n    })"
---
// Automatically generated by schematic. DO NOT MODIFY!

/* eslint-disable */

import type { AnotherType, BasicEnum } from './externals';

export type BasicEnum = 'foo' | 'bar' | 'baz';

export interface AnotherConfig {
	enums: BasicEnum | null;
	opt: string | null;
}

export interface GenConfig {
	boolean: boolean;
	date: string;
	datetime: string;
	enums: BasicEnum;
	map: Record<string, number>;
	nested: AnotherConfig;
	number: number;
	path: string;
	relPath: string;
	string: string;
	time: string;
	url: string | null;
	vector: string[];
}

