---
source: crates/config/tests/macro_enum_test.rs
expression: "std::fs::read_to_string(file).unwrap()"
---
// Automatically generated by schematic. DO NOT MODIFY!

/* eslint-disable */

export type AllUnit = 'foo' | 'bar' | 'baz';

export type AllUnnamed = {
	foo: string;
} | {
	bar: boolean;
} | {
	baz: number;
};

export type OfBothTypes = {
	foo: null;
} | {
	bar: [boolean, number];
};

export interface SomeConfig {
	bar: number;
	foo: string;
}

export type NestedConfigs = {
	string: string;
} | {
	object: SomeConfig;
} | {
	objects: [SomeConfig, SomeConfig];
};

export type WithSerde = string | boolean | number;

export type WithComments = 'foo' | 'bar' | 'baz';

export type Untagged = null | boolean | [number, string] | SomeConfig;

export type ExternalTagged = {
	foo: 'foo';
} | {
	bar: boolean;
} | {
	bazzer: number;
} | {
	qux: SomeConfig;
};

export type InternalTagged = 'foo' | boolean | number | SomeConfig;

export type AdjacentTagged = {
	type: 'foo';
	content: 'foo';
} | {
	type: 'bar';
	content: boolean;
} | {
	type: 'bazzer';
	content: number;
} | {
	type: 'qux';
	content: SomeConfig;
};

export type PartialAllUnnamed = {
	foo: string;
} | {
	bar: boolean;
} | {
	baz: number;
};

export type PartialOfBothTypes = {
	foo: null;
} | {
	bar: [boolean, number];
};

export interface PartialSomeConfig {
	bar?: number | null;
	foo?: string | null;
}

export type PartialNestedConfigs = {
	string: string;
} | {
	object?: PartialSomeConfig | null;
} | {
	objects?: [PartialSomeConfig, PartialSomeConfig] | null;
};

export type PartialWithSerde = string | boolean | number;

export type PartialUntagged = null | boolean | [number, string] | PartialSomeConfig;

export type PartialExternalTagged = {
	foo: 'foo';
} | {
	bar: boolean;
} | {
	bazzer: number;
} | {
	qux?: PartialSomeConfig | null;
};

export type PartialInternalTagged = 'foo' | boolean | number | PartialSomeConfig;

export type PartialAdjacentTagged = {
	type: 'foo';
	content: 'foo';
} | {
	type: 'bar';
	content: boolean;
} | {
	type: 'bazzer';
	content: number;
} | {
	type?: 'qux' | null;
	content?: PartialSomeConfig | null;
};

