---
source: crates/config/tests/settings_test.rs
expression: "std::fs::read_to_string(file).unwrap()"
---
// Automatically generated by schematic. DO NOT MODIFY!

/* eslint-disable */

export interface StandardSettings {
	req: string;
	reqDefault: string;
	opt: string | null;
}

export interface NestedSettings {
	nestedReq: StandardSettings;
	nestedOpt: StandardSettings | null;
}

export interface NestedVecSettings {
	nestedReq: StandardSettings[];
	nestedOpt: StandardSettings[] | null;
}

export interface NestedMapSettings {
	nestedReq: Record<string, StandardSettings>;
	nestedOpt: Record<string, StandardSettings> | null;
}

