---
source: crates/core/tests/field_default_test.rs
expression: pretty(container.impl_partial_default_values())
---
fn default_values(
    context: &Self::Context,
) -> std::result::Result<Option<Self>, schematic::ConfigError> {
    Ok(
        Some(Self {
            a: PartialNestedConfig::default_values(context)?,
            b: PartialCustomConfig::default_values(context)?,
        }),
    )
}
