---
source: crates/schematic/tests/env_test.rs
expression: "std::fs::read_to_string(file).unwrap()"
---
// Automatically generated by schematic. DO NOT MODIFY!

/* eslint-disable */

export interface EnvVarsNested {
	/** @envvar ENV_STRING */
	string: string;
}

export interface EnvVarsPrefixed {
	/** @envvar ENV_BOOL */
	bool: boolean;
	/** @envvar ENV_LIST1 */
	list1: string[];
	/** @envvar ENV_LIST2 */
	list2: number[];
	nested: EnvVarsNested;
	/** @envvar ENV_NUMBER */
	number: number;
	/** @envvar ENV_PATH */
	path: string;
	/** @envvar ENV_STRING */
	string: string;
}

