---
source: crates/schematic/tests/generator_test.rs
expression: "fs::read_to_string(file).unwrap()"
---
{
  "$schema": "http://json-schema.org/draft-07/schema#",
  "title": "GenConfig",
  "type": "object",
  "required": [
    "boolean",
    "date",
    "datetime",
    "decimal",
    "enums",
    "float32",
    "float64",
    "id",
    "indexmap",
    "indexset",
    "jsonValue",
    "locator",
    "map",
    "nested",
    "number",
    "path",
    "relPath",
    "spec",
    "specUnresolved",
    "string",
    "time",
    "tomlValue",
    "url",
    "vector",
    "version",
    "versionReq",
    "yamlValue"
  ],
  "properties": {
    "boolean": {
      "type": "boolean"
    },
    "date": {
      "type": "string",
      "format": "date"
    },
    "datetime": {
      "type": "string",
      "format": "date-time"
    },
    "decimal": {
      "type": "string",
      "format": "decimal"
    },
    "enums": {
      "default": "foo",
      "allOf": [
        {
          "$ref": "#/definitions/BasicEnum"
        }
      ]
    },
    "float32": {
      "type": "number"
    },
    "float64": {
      "type": "number"
    },
    "id": {
      "type": "string"
    },
    "indexmap": {
      "type": "object",
      "additionalProperties": {
        "type": "string"
      },
      "propertyNames": {
        "type": "string"
      }
    },
    "indexset": {
      "anyOf": [
        {
          "type": "array",
          "items": {
            "type": "string"
          }
        },
        {
          "type": "null"
        }
      ]
    },
    "jsonValue": {
      "type": [
        "boolean",
        "object",
        "array",
        "number",
        "string",
        "integer"
      ]
    },
    "locator": {
      "anyOf": [
        {
          "type": "string"
        },
        {
          "type": "null"
        }
      ]
    },
    "map": {
      "type": "object",
      "additionalProperties": {
        "type": "number"
      },
      "propertyNames": {
        "type": "string"
      }
    },
    "nested": {
      "allOf": [
        {
          "$ref": "#/definitions/AnotherConfig"
        }
      ]
    },
    "number": {
      "type": "number"
    },
    "path": {
      "type": "string",
      "format": "path"
    },
    "relPath": {
      "type": "string",
      "format": "path"
    },
    "spec": {
      "type": "string"
    },
    "specUnresolved": {
      "type": "string"
    },
    "string": {
      "type": "string"
    },
    "time": {
      "type": "string",
      "format": "time"
    },
    "tomlValue": {
      "anyOf": [
        {
          "type": [
            "boolean",
            "object",
            "array",
            "number",
            "string",
            "integer"
          ]
        },
        {
          "type": "null"
        }
      ]
    },
    "url": {
      "anyOf": [
        {
          "type": "string",
          "format": "uri"
        },
        {
          "type": "null"
        }
      ]
    },
    "vector": {
      "type": "array",
      "items": {
        "type": "string"
      }
    },
    "version": {
      "anyOf": [
        {
          "type": "string"
        },
        {
          "type": "null"
        }
      ]
    },
    "versionReq": {
      "type": "string"
    },
    "yamlValue": {
      "type": [
        "boolean",
        "object",
        "array",
        "number",
        "string",
        "integer"
      ]
    }
  },
  "additionalProperties": false,
  "definitions": {
    "AnotherConfig": {
      "title": "AnotherConfig",
      "description": "Some comment.",
      "type": "object",
      "required": [
        "enums",
        "opt"
      ],
      "properties": {
        "enums": {
          "description": "An optional enum.",
          "default": "foo",
          "anyOf": [
            {
              "$ref": "#/definitions/BasicEnum"
            },
            {
              "type": "null"
            }
          ]
        },
        "opt": {
          "description": "An optional string.",
          "anyOf": [
            {
              "type": "string"
            },
            {
              "type": "null"
            }
          ]
        }
      },
      "additionalProperties": false
    },
    "BasicEnum": {
      "title": "BasicEnum",
      "type": "string",
      "enum": [
        "foo",
        "bar",
        "baz"
      ]
    }
  }
}

