---
source: crates/schematic/tests/generator_test.rs
expression: "generate(TypeScriptOptions {\n        disable_references: true,\n        indent_char: \"  \".into(),\n        ..TypeScriptOptions::default()\n    })"
---
// Automatically generated by schematic. DO NOT MODIFY!

/* eslint-disable */

export type BasicEnum = 'foo' | 'bar' | 'baz';

export type FallbackEnum = 'foo' | 'bar' | 'baz' | string;

export interface AnotherConfig {
  /**
   * An optional enum.
   *
   * @default 'foo'
   */
  enums: 'foo' | 'bar' | 'baz' | null;
  /** An optional string. */
  opt: string | null;
}

export interface GenConfig {
  boolean: boolean;
  date: string;
  datetime: string;
  decimal: string;
  /**
   * This is a list of `enumerable` values.
   *
   * @default 'foo'
   */
  enums: 'foo' | 'bar' | 'baz';
  /** @default 'foo' */
  fallbackEnum: 'foo' | 'bar' | 'baz' | string;
  float32: number;
  float64: number;
  indexmap: Record<string, string>;
  indexset: string[] | null;
  jsonValue: unknown;
  map: Record<string, number>;
  /** **Nested** field. */
  nested: {
    /**
     * An optional enum.
     *
     * @default 'foo'
     */
    enums: 'foo' | 'bar' | 'baz' | null;
    /** An optional string. */
    opt: string | null;
  };
  number: number;
  path: string;
  relPath: string;
  string: string;
  time: string;
  tomlValue: unknown | null;
  url: string | null;
  /** This is a list of strings. */
  vector: string[];
  version: string | null;
  versionReq: string;
  yamlValue: unknown;
}
