---
source: crates/schematic/tests/generator_test.rs
expression: "generate(TypeScriptOptions::default())"
---
// Automatically generated by schematic. DO NOT MODIFY!

/* eslint-disable */

export type BasicEnum = 'foo' | 'bar' | 'baz';

export type FallbackEnum = 'foo' | 'bar' | 'baz' | string;

/** Some comment. */
export interface AnotherConfig {
	/**
	 * An optional enum.
	 *
	 * @default 'foo'
	 */
	enums: BasicEnum | null;
	/** An optional string. */
	opt: string | null;
}

export interface GenConfig {
	boolean: boolean;
	date: string;
	datetime: string;
	decimal: string;
	/**
	 * This is a list of `enumerable` values.
	 *
	 * @default 'foo'
	 */
	enums: BasicEnum;
	/** @default 'foo' */
	fallbackEnum: FallbackEnum;
	float32: number;
	float64: number;
	indexmap: Record<string, string>;
	indexset: string[] | null;
	jsonValue: unknown;
	map: Record<string, number>;
	/** **Nested** field. */
	nested: AnotherConfig;
	number: number;
	path: string;
	relPath: string;
	string: string;
	time: string;
	tomlValue: unknown | null;
	url: string | null;
	/** This is a list of strings. */
	vector: string[];
	version: string | null;
	versionReq: string;
	yamlValue: unknown;
}
