---
source: crates/schematic/tests/generator_test.rs
expression: "generate(TypeScriptOptions {\n        enum_format: EnumFormat::Enum,\n        ..TypeScriptOptions::default()\n    })"
---
// Automatically generated by schematic. DO NOT MODIFY!

/* eslint-disable */

export enum BasicEnum {
	Foo,
	Bar,
	Baz,
}

/** Some comment. */
export interface AnotherConfig {
	/**
	 * An optional enum.
	 *
	 * @default 'foo'
	 */
	enums: BasicEnum | null;
	/** An optional string. */
	opt: string | null;
}

export interface GenConfig {
	boolean: boolean;
	date: string;
	datetime: string;
	decimal: string;
	/** @default 'foo' */
	enums: BasicEnum;
	float32: number;
	float64: number;
	indexmap: Record<string, string>;
	indexset: string[] | null;
	jsonValue: unknown;
	map: Record<string, number>;
	nested: AnotherConfig;
	number: number;
	path: string;
	relPath: string;
	string: string;
	time: string;
	tomlValue: unknown | null;
	url: string | null;
	vector: string[];
	version: string | null;
	versionReq: string;
	yamlValue: unknown;
}

