---
source: crates/schematic/tests/generator_test.rs
expression: "fs::read_to_string(file).unwrap()"
---
// Automatically generated by schematic. DO NOT MODIFY!

/* eslint-disable */

/** Docblock comment. */
export type BasicEnum = 'foo' | 'bar' | 'baz';

export type FallbackEnum = 'foo' | 'bar' | 'baz' | string;

/** Some comment. */
export interface AnotherConfig {
	/**
	 * An optional enum.
	 *
	 * @default 'foo'
	 */
	enums: BasicEnum | null;
	/** An optional string. */
	opt: string | null;
}

export interface GenConfig {
	boolean: boolean;
	date: string;
	datetime: string;
	decimal: string;
	/**
	 * This is a list of `enumerable` values.
	 *
	 * @default 'foo'
	 * @type {'foo' | 'bar' | 'baz'}
	 */
	enums: BasicEnum;
	/**
	 * @default 'foo'
	 * @type {'foo' | 'bar' | 'baz' | string}
	 */
	fallbackEnum: FallbackEnum;
	float32: number;
	float64: number;
	indexmap: Record<string, string>;
	indexset: string[] | null;
	jsonValue: unknown;
	map: Record<string, number>;
	/** **Nested** field. */
	nested: AnotherConfig;
	number: number;
	path: string;
	relPath: string;
	string: string;
	time: string;
	tomlValue: unknown | null;
	url: string | null;
	/** This is a list of strings. */
	vector: string[];
	version: string | null;
	versionReq: string;
	yamlValue: unknown;
}

/** Some comment. */
export interface PartialAnotherConfig {
	/**
	 * An optional enum.
	 *
	 * @default 'foo'
	 */
	enums?: BasicEnum | null;
	/** An optional string. */
	opt?: string | null;
}

export interface PartialGenConfig {
	boolean?: boolean | null;
	date?: string | null;
	datetime?: string | null;
	decimal?: string | null;
	/**
	 * This is a list of `enumerable` values.
	 *
	 * @default 'foo'
	 */
	enums?: BasicEnum | null;
	/** @default 'foo' */
	fallbackEnum?: FallbackEnum | null;
	float32?: number | null;
	float64?: number | null;
	indexmap?: Record<string, string> | null;
	indexset?: string[] | null;
	jsonValue?: unknown | null;
	map?: Record<string, number> | null;
	/** **Nested** field. */
	nested?: PartialAnotherConfig | null;
	number?: number | null;
	path?: string | null;
	relPath?: string | null;
	string?: string | null;
	time?: string | null;
	tomlValue?: unknown | null;
	url?: string | null;
	/** This is a list of strings. */
	vector?: string[] | null;
	version?: string | null;
	versionReq?: string | null;
	yamlValue?: unknown | null;
}
