---
source: crates/schematic/tests/partialize_test.rs
expression: "create_diff::<AdjacentTagged>()"
---
⬛️Schema {
⬛️    description: None,
⬛️    name: Some(
🟥        "AdjacentTagged",
🟩        "PartialAdjacentTagged",
⬛️    ),
⬛️    ty: Union(
⬛️        UnionType {
⬛️            default_index: None,
⬛️            partial: false,
⬛️            operator: AnyOf,
⬛️            variants_types: [
⬛️                Schema {
⬛️                    description: None,
⬛️                    name: None,
⬛️                    ty: Struct(
⬛️                        StructType {
⬛️                            fields: {
⬛️                                "content": Schema {
⬛️                                    description: None,
⬛️                                    name: None,
⬛️                                    ty: Literal(
⬛️                                        LiteralType {
⬛️                                            format: None,
⬛️                                            value: String(
⬛️                                                "foo",
⬛️                                            ),
⬛️                                        },
⬛️                                    ),
⬛️                                    deprecated: None,
⬛️                                    env_var: None,
⬛️                                    hidden: false,
⬛️                                    nullable: false,
⬛️                                    optional: false,
⬛️                                    read_only: false,
⬛️                                    write_only: false,
⬛️                                },
⬛️                                "type": Schema {
⬛️                                    description: None,
⬛️                                    name: None,
⬛️                                    ty: Literal(
⬛️                                        LiteralType {
⬛️                                            format: None,
⬛️                                            value: String(
⬛️                                                "foo",
⬛️                                            ),
⬛️                                        },
⬛️                                    ),
⬛️                                    deprecated: None,
⬛️                                    env_var: None,
⬛️                                    hidden: false,
⬛️                                    nullable: false,
⬛️                                    optional: false,
⬛️                                    read_only: false,
⬛️                                    write_only: false,
⬛️                                },
⬛️                            },
⬛️                            partial: false,
⬛️                            required: None,
⬛️                        },
⬛️                    ),
⬛️                    deprecated: None,
⬛️                    env_var: None,
⬛️                    hidden: false,
⬛️                    nullable: false,
⬛️                    optional: false,
⬛️                    read_only: false,
⬛️                    write_only: false,
⬛️                },
⬛️                Schema {
⬛️                    description: None,
⬛️                    name: None,
⬛️                    ty: Struct(
⬛️                        StructType {
⬛️                            fields: {
⬛️                                "content": Schema {
⬛️                                    description: None,
⬛️                                    name: None,
⬛️                                    ty: Boolean(
⬛️                                        BooleanType {
⬛️                                            default: None,
⬛️                                        },
⬛️                                    ),
⬛️                                    deprecated: None,
⬛️                                    env_var: None,
⬛️                                    hidden: false,
⬛️                                    nullable: false,
⬛️                                    optional: false,
⬛️                                    read_only: false,
⬛️                                    write_only: false,
⬛️                                },
⬛️                                "type": Schema {
⬛️                                    description: None,
⬛️                                    name: None,
⬛️                                    ty: Literal(
⬛️                                        LiteralType {
⬛️                                            format: None,
⬛️                                            value: String(
⬛️                                                "bar",
⬛️                                            ),
⬛️                                        },
⬛️                                    ),
⬛️                                    deprecated: None,
⬛️                                    env_var: None,
⬛️                                    hidden: false,
⬛️                                    nullable: false,
⬛️                                    optional: false,
⬛️                                    read_only: false,
⬛️                                    write_only: false,
⬛️                                },
⬛️                            },
⬛️                            partial: false,
⬛️                            required: None,
⬛️                        },
⬛️                    ),
⬛️                    deprecated: None,
⬛️                    env_var: None,
⬛️                    hidden: false,
⬛️                    nullable: false,
⬛️                    optional: false,
⬛️                    read_only: false,
⬛️                    write_only: false,
⬛️                },
⬛️                Schema {
⬛️                    description: None,
⬛️                    name: None,
⬛️                    ty: Struct(
⬛️                        StructType {
⬛️                            fields: {
⬛️                                "content": Schema {
⬛️                                    description: None,
⬛️                                    name: None,
⬛️                                    ty: Integer(
⬛️                                        IntegerType {
⬛️                                            default: None,
⬛️                                            enum_values: None,
⬛️                                            format: None,
⬛️                                            kind: Usize,
⬛️                                            max: None,
⬛️                                            max_exclusive: None,
⬛️                                            min: None,
⬛️                                            min_exclusive: None,
⬛️                                            multiple_of: None,
⬛️                                        },
⬛️                                    ),
⬛️                                    deprecated: None,
⬛️                                    env_var: None,
⬛️                                    hidden: false,
⬛️                                    nullable: false,
⬛️                                    optional: false,
⬛️                                    read_only: false,
⬛️                                    write_only: false,
⬛️                                },
⬛️                                "type": Schema {
⬛️                                    description: None,
⬛️                                    name: None,
⬛️                                    ty: Literal(
⬛️                                        LiteralType {
⬛️                                            format: None,
⬛️                                            value: String(
⬛️                                                "baz",
⬛️                                            ),
⬛️                                        },
⬛️                                    ),
⬛️                                    deprecated: None,
⬛️                                    env_var: None,
⬛️                                    hidden: false,
⬛️                                    nullable: false,
⬛️                                    optional: false,
⬛️                                    read_only: false,
⬛️                                    write_only: false,
⬛️                                },
⬛️                            },
⬛️                            partial: false,
⬛️                            required: None,
⬛️                        },
⬛️                    ),
⬛️                    deprecated: None,
⬛️                    env_var: None,
⬛️                    hidden: false,
⬛️                    nullable: false,
⬛️                    optional: false,
⬛️                    read_only: false,
⬛️                    write_only: false,
⬛️                },
⬛️                Schema {
⬛️                    description: None,
⬛️                    name: None,
⬛️                    ty: Struct(
⬛️                        StructType {
⬛️                            fields: {
⬛️                                "content": Schema {
⬛️                                    description: None,
⬛️                                    name: Some(
🟥                                        "Basic",
🟩                                        "PartialBasic",
⬛️                                    ),
⬛️                                    ty: Struct(
⬛️                                        StructType {
⬛️                                            fields: {
⬛️                                                "field": Schema {
⬛️                                                    description: None,
⬛️                                                    name: None,
🟥                                                    ty: String(
🟥                                                        StringType {
🟥                                                            default: None,
🟥                                                            enum_values: None,
🟥                                                            format: None,
🟥                                                            max_length: None,
🟥                                                            min_length: None,
🟥                                                            pattern: None,
🟩                                                    ty: Union(
🟩                                                        UnionType {
🟩                                                            default_index: None,
🟩                                                            partial: false,
🟩                                                            operator: AnyOf,
🟩                                                            variants_types: [
🟩                                                                Schema {
🟩                                                                    description: None,
🟩                                                                    name: None,
🟩                                                                    ty: String(
🟩                                                                        StringType {
🟩                                                                            default: None,
🟩                                                                            enum_values: None,
🟩                                                                            format: None,
🟩                                                                            max_length: None,
🟩                                                                            min_length: None,
🟩                                                                            pattern: None,
🟩                                                                        },
🟩                                                                    ),
🟩                                                                    deprecated: None,
🟩                                                                    env_var: None,
🟩                                                                    hidden: false,
🟩                                                                    nullable: false,
🟩                                                                    optional: false,
🟩                                                                    read_only: false,
🟩                                                                    write_only: false,
🟩                                                                },
🟩                                                                Schema {
🟩                                                                    description: None,
🟩                                                                    name: None,
🟩                                                                    ty: Null,
🟩                                                                    deprecated: None,
🟩                                                                    env_var: None,
🟩                                                                    hidden: false,
🟩                                                                    nullable: false,
🟩                                                                    optional: false,
🟩                                                                    read_only: false,
🟩                                                                    write_only: false,
🟩                                                                },
🟩                                                            ],
⬛️                                                        },
⬛️                                                    ),
⬛️                                                    deprecated: None,
⬛️                                                    env_var: None,
⬛️                                                    hidden: false,
🟥                                                    nullable: false,
🟥                                                    optional: false,
🟩                                                    nullable: true,
🟩                                                    optional: true,
⬛️                                                    read_only: false,
⬛️                                                    write_only: false,
⬛️                                                },
⬛️                                            },
⬛️                                            partial: true,
⬛️                                            required: None,
⬛️                                        },
⬛️                                    ),
⬛️                                    deprecated: None,
⬛️                                    env_var: None,
⬛️                                    hidden: false,
⬛️                                    nullable: false,
⬛️                                    optional: false,
⬛️                                    read_only: false,
⬛️                                    write_only: false,
⬛️                                },
⬛️                                "type": Schema {
⬛️                                    description: None,
⬛️                                    name: None,
⬛️                                    ty: Literal(
⬛️                                        LiteralType {
⬛️                                            format: None,
⬛️                                            value: String(
⬛️                                                "qux",
⬛️                                            ),
⬛️                                        },
⬛️                                    ),
⬛️                                    deprecated: None,
⬛️                                    env_var: None,
⬛️                                    hidden: false,
⬛️                                    nullable: false,
⬛️                                    optional: false,
⬛️                                    read_only: false,
⬛️                                    write_only: false,
⬛️                                },
⬛️                            },
⬛️                            partial: false,
⬛️                            required: None,
⬛️                        },
⬛️                    ),
⬛️                    deprecated: None,
⬛️                    env_var: None,
⬛️                    hidden: false,
⬛️                    nullable: false,
⬛️                    optional: false,
⬛️                    read_only: false,
⬛️                    write_only: false,
⬛️                },
⬛️            ],
⬛️        },
⬛️    ),
⬛️    deprecated: None,
⬛️    env_var: None,
⬛️    hidden: false,
⬛️    nullable: false,
⬛️    optional: false,
⬛️    read_only: false,
⬛️    write_only: false,
⬛️}
