---
source: crates/schematic/tests/partialize_test.rs
expression: "create_diff::<Compounds>()"
---
⬛️Schema {
⬛️    description: None,
⬛️    name: Some(
🟥        "Compounds",
🟩        "PartialCompounds",
⬛️    ),
⬛️    ty: Struct(
⬛️        StructType {
⬛️            fields: {
⬛️                "list": Schema {
⬛️                    description: None,
⬛️                    name: None,
🟥                    ty: Array(
🟥                        ArrayType {
🟥                            contains: None,
🟥                            items_type: Schema {
🟥                                description: None,
🟥                                name: None,
🟥                                ty: String(
🟥                                    StringType {
🟥                                        default: None,
🟥                                        enum_values: None,
🟥                                        format: None,
🟥                                        max_length: None,
🟥                                        min_length: None,
🟥                                        pattern: None,
🟥                                    },
🟥                                ),
🟥                                deprecated: None,
🟥                                env_var: None,
🟥                                hidden: false,
🟥                                nullable: false,
🟥                                optional: false,
🟥                                read_only: false,
🟥                                write_only: false,
🟥                            },
🟥                            max_contains: None,
🟥                            max_length: None,
🟥                            min_contains: None,
🟥                            min_length: None,
🟥                            unique: None,
🟩                    ty: Union(
🟩                        UnionType {
🟩                            default_index: None,
🟩                            partial: false,
🟩                            operator: AnyOf,
🟩                            variants_types: [
🟩                                Schema {
🟩                                    description: None,
🟩                                    name: None,
🟩                                    ty: Array(
🟩                                        ArrayType {
🟩                                            contains: None,
🟩                                            items_type: Schema {
🟩                                                description: None,
🟩                                                name: None,
🟩                                                ty: String(
🟩                                                    StringType {
🟩                                                        default: None,
🟩                                                        enum_values: None,
🟩                                                        format: None,
🟩                                                        max_length: None,
🟩                                                        min_length: None,
🟩                                                        pattern: None,
🟩                                                    },
🟩                                                ),
🟩                                                deprecated: None,
🟩                                                env_var: None,
🟩                                                hidden: false,
🟩                                                nullable: false,
🟩                                                optional: false,
🟩                                                read_only: false,
🟩                                                write_only: false,
🟩                                            },
🟩                                            max_contains: None,
🟩                                            max_length: None,
🟩                                            min_contains: None,
🟩                                            min_length: None,
🟩                                            unique: None,
🟩                                        },
🟩                                    ),
🟩                                    deprecated: None,
🟩                                    env_var: None,
🟩                                    hidden: false,
🟩                                    nullable: false,
🟩                                    optional: false,
🟩                                    read_only: false,
🟩                                    write_only: false,
🟩                                },
🟩                                Schema {
🟩                                    description: None,
🟩                                    name: None,
🟩                                    ty: Null,
🟩                                    deprecated: None,
🟩                                    env_var: None,
🟩                                    hidden: false,
🟩                                    nullable: false,
🟩                                    optional: false,
🟩                                    read_only: false,
🟩                                    write_only: false,
🟩                                },
🟩                            ],
⬛️                        },
⬛️                    ),
⬛️                    deprecated: None,
⬛️                    env_var: None,
⬛️                    hidden: false,
🟥                    nullable: false,
🟥                    optional: false,
🟩                    nullable: true,
🟩                    optional: true,
⬛️                    read_only: false,
⬛️                    write_only: false,
⬛️                },
⬛️                "listOpt": Schema {
⬛️                    description: None,
⬛️                    name: None,
⬛️                    ty: Union(
⬛️                        UnionType {
⬛️                            default_index: None,
⬛️                            partial: false,
⬛️                            operator: AnyOf,
⬛️                            variants_types: [
⬛️                                Schema {
⬛️                                    description: None,
⬛️                                    name: None,
⬛️                                    ty: Array(
⬛️                                        ArrayType {
⬛️                                            contains: None,
⬛️                                            items_type: Schema {
⬛️                                                description: None,
⬛️                                                name: None,
⬛️                                                ty: Integer(
⬛️                                                    IntegerType {
⬛️                                                        default: None,
⬛️                                                        enum_values: None,
⬛️                                                        format: None,
⬛️                                                        kind: Usize,
⬛️                                                        max: None,
⬛️                                                        max_exclusive: None,
⬛️                                                        min: None,
⬛️                                                        min_exclusive: None,
⬛️                                                        multiple_of: None,
⬛️                                                    },
⬛️                                                ),
⬛️                                                deprecated: None,
⬛️                                                env_var: None,
⬛️                                                hidden: false,
⬛️                                                nullable: false,
⬛️                                                optional: false,
⬛️                                                read_only: false,
⬛️                                                write_only: false,
⬛️                                            },
⬛️                                            max_contains: None,
⬛️                                            max_length: None,
⬛️                                            min_contains: None,
⬛️                                            min_length: None,
⬛️                                            unique: None,
⬛️                                        },
⬛️                                    ),
⬛️                                    deprecated: None,
⬛️                                    env_var: None,
⬛️                                    hidden: false,
⬛️                                    nullable: false,
⬛️                                    optional: false,
⬛️                                    read_only: false,
⬛️                                    write_only: false,
⬛️                                },
⬛️                                Schema {
⬛️                                    description: None,
⬛️                                    name: None,
⬛️                                    ty: Null,
⬛️                                    deprecated: None,
⬛️                                    env_var: None,
⬛️                                    hidden: false,
⬛️                                    nullable: false,
⬛️                                    optional: false,
⬛️                                    read_only: false,
⬛️                                    write_only: false,
⬛️                                },
⬛️                            ],
⬛️                        },
⬛️                    ),
⬛️                    deprecated: None,
⬛️                    env_var: None,
⬛️                    hidden: false,
⬛️                    nullable: true,
🟥                    optional: false,
🟩                    optional: true,
⬛️                    read_only: false,
⬛️                    write_only: false,
⬛️                },
⬛️                "map": Schema {
⬛️                    description: None,
⬛️                    name: None,
🟥                    ty: Object(
🟥                        ObjectType {
🟥                            key_type: Schema {
🟥                                description: None,
🟥                                name: None,
🟥                                ty: String(
🟥                                    StringType {
🟥                                        default: None,
🟥                                        enum_values: None,
🟥                                        format: None,
🟥                                        max_length: None,
🟥                                        min_length: None,
🟥                                        pattern: None,
🟥                                    },
🟥                                ),
🟥                                deprecated: None,
🟥                                env_var: None,
🟥                                hidden: false,
🟥                                nullable: false,
🟥                                optional: false,
🟥                                read_only: false,
🟥                                write_only: false,
🟥                            },
🟥                            max_length: None,
🟥                            min_length: None,
🟥                            required: None,
🟥                            value_type: Schema {
🟥                                description: None,
🟥                                name: None,
🟥                                ty: Boolean(
🟥                                    BooleanType {
🟥                                        default: None,
🟥                                    },
🟥                                ),
🟥                                deprecated: None,
🟥                                env_var: None,
🟥                                hidden: false,
🟥                                nullable: false,
🟥                                optional: false,
🟥                                read_only: false,
🟥                                write_only: false,
🟥                            },
🟩                    ty: Union(
🟩                        UnionType {
🟩                            default_index: None,
🟩                            partial: false,
🟩                            operator: AnyOf,
🟩                            variants_types: [
🟩                                Schema {
🟩                                    description: None,
🟩                                    name: None,
🟩                                    ty: Object(
🟩                                        ObjectType {
🟩                                            key_type: Schema {
🟩                                                description: None,
🟩                                                name: None,
🟩                                                ty: String(
🟩                                                    StringType {
🟩                                                        default: None,
🟩                                                        enum_values: None,
🟩                                                        format: None,
🟩                                                        max_length: None,
🟩                                                        min_length: None,
🟩                                                        pattern: None,
🟩                                                    },
🟩                                                ),
🟩                                                deprecated: None,
🟩                                                env_var: None,
🟩                                                hidden: false,
🟩                                                nullable: false,
🟩                                                optional: false,
🟩                                                read_only: false,
🟩                                                write_only: false,
🟩                                            },
🟩                                            max_length: None,
🟩                                            min_length: None,
🟩                                            required: None,
🟩                                            value_type: Schema {
🟩                                                description: None,
🟩                                                name: None,
🟩                                                ty: Boolean(
🟩                                                    BooleanType {
🟩                                                        default: None,
🟩                                                    },
🟩                                                ),
🟩                                                deprecated: None,
🟩                                                env_var: None,
🟩                                                hidden: false,
🟩                                                nullable: false,
🟩                                                optional: false,
🟩                                                read_only: false,
🟩                                                write_only: false,
🟩                                            },
🟩                                        },
🟩                                    ),
🟩                                    deprecated: None,
🟩                                    env_var: None,
🟩                                    hidden: false,
🟩                                    nullable: false,
🟩                                    optional: false,
🟩                                    read_only: false,
🟩                                    write_only: false,
🟩                                },
🟩                                Schema {
🟩                                    description: None,
🟩                                    name: None,
🟩                                    ty: Null,
🟩                                    deprecated: None,
🟩                                    env_var: None,
🟩                                    hidden: false,
🟩                                    nullable: false,
🟩                                    optional: false,
🟩                                    read_only: false,
🟩                                    write_only: false,
🟩                                },
🟩                            ],
⬛️                        },
⬛️                    ),
⬛️                    deprecated: None,
⬛️                    env_var: None,
⬛️                    hidden: false,
🟥                    nullable: false,
🟥                    optional: false,
🟩                    nullable: true,
🟩                    optional: true,
⬛️                    read_only: false,
⬛️                    write_only: false,
⬛️                },
⬛️                "mapOpt": Schema {
⬛️                    description: None,
⬛️                    name: None,
⬛️                    ty: Union(
⬛️                        UnionType {
⬛️                            default_index: None,
⬛️                            partial: false,
⬛️                            operator: AnyOf,
⬛️                            variants_types: [
⬛️                                Schema {
⬛️                                    description: None,
⬛️                                    name: None,
⬛️                                    ty: Object(
⬛️                                        ObjectType {
⬛️                                            key_type: Schema {
⬛️                                                description: None,
⬛️                                                name: None,
⬛️                                                ty: Integer(
⬛️                                                    IntegerType {
⬛️                                                        default: None,
⬛️                                                        enum_values: None,
⬛️                                                        format: None,
⬛️                                                        kind: Isize,
⬛️                                                        max: None,
⬛️                                                        max_exclusive: None,
⬛️                                                        min: None,
⬛️                                                        min_exclusive: None,
⬛️                                                        multiple_of: None,
⬛️                                                    },
⬛️                                                ),
⬛️                                                deprecated: None,
⬛️                                                env_var: None,
⬛️                                                hidden: false,
⬛️                                                nullable: false,
⬛️                                                optional: false,
⬛️                                                read_only: false,
⬛️                                                write_only: false,
⬛️                                            },
⬛️                                            max_length: None,
⬛️                                            min_length: None,
⬛️                                            required: None,
⬛️                                            value_type: Schema {
⬛️                                                description: None,
⬛️                                                name: None,
⬛️                                                ty: Float(
⬛️                                                    FloatType {
⬛️                                                        default: None,
⬛️                                                        enum_values: None,
⬛️                                                        format: None,
⬛️                                                        kind: F32,
⬛️                                                        max: None,
⬛️                                                        max_exclusive: None,
⬛️                                                        min: None,
⬛️                                                        min_exclusive: None,
⬛️                                                        multiple_of: None,
⬛️                                                        name: None,
⬛️                                                    },
⬛️                                                ),
⬛️                                                deprecated: None,
⬛️                                                env_var: None,
⬛️                                                hidden: false,
⬛️                                                nullable: false,
⬛️                                                optional: false,
⬛️                                                read_only: false,
⬛️                                                write_only: false,
⬛️                                            },
⬛️                                        },
⬛️                                    ),
⬛️                                    deprecated: None,
⬛️                                    env_var: None,
⬛️                                    hidden: false,
⬛️                                    nullable: false,
⬛️                                    optional: false,
⬛️                                    read_only: false,
⬛️                                    write_only: false,
⬛️                                },
⬛️                                Schema {
⬛️                                    description: None,
⬛️                                    name: None,
⬛️                                    ty: Null,
⬛️                                    deprecated: None,
⬛️                                    env_var: None,
⬛️                                    hidden: false,
⬛️                                    nullable: false,
⬛️                                    optional: false,
⬛️                                    read_only: false,
⬛️                                    write_only: false,
⬛️                                },
⬛️                            ],
⬛️                        },
⬛️                    ),
⬛️                    deprecated: None,
⬛️                    env_var: None,
⬛️                    hidden: false,
⬛️                    nullable: true,
🟥                    optional: false,
🟩                    optional: true,
⬛️                    read_only: false,
⬛️                    write_only: false,
⬛️                },
⬛️            },
⬛️            partial: false,
⬛️            required: None,
⬛️        },
⬛️    ),
⬛️    deprecated: None,
⬛️    env_var: None,
⬛️    hidden: false,
⬛️    nullable: false,
⬛️    optional: false,
⬛️    read_only: false,
⬛️    write_only: false,
⬛️}
